{
    "packages": [
        {
            "location": "wibble"
        }
    ],
    "extra-deps": [],
    "resolver": "lts-9.0"
}
